// Jest Snapshot v1, https://goo.gl/fbAQLP

exports[`renders Dashboard component correctly 1`] = `<Unknown />`;
